// Jest Snapshot v1, https://goo.gl/fbAQLP

exports[`PlanProgressCard should render correctly 1`] = `
<div>
  <div
    class="card bg-gradient-primary-600 flex flex-col gap-base !text-white shadow-300 xl:justify-normal justify-evenly"
  >
    <div
      class="flex items-center justify-between gap-sm xxxl:gap-base"
    >
      <div>
        <div
          class="kicker sm default !text-neutral-300 !mb-sm xxxl:!mb-base"
        >
          Your plan progress
        </div>
        <span
          data-state="closed"
        >
          <h5
            class="line-clamp-2 text-sm xxxl:text-base mb-xs xxxl:mb-sm"
          >
            Defined Portrait of a Graduate
          </h5>
        </span>
        <span
          class="text-neutral-300 leading-lg text-xxs xxxl:text-xs"
        >
          Track your personal progress within the plan
        </span>
      </div>
      <div
        class="shrink-0"
      >
        <div
          class="recharts-wrapper"
          role="region"
          style="position: relative; cursor: default; width: 100px; height: 100px;"
        >
          <svg
            class="recharts-surface"
            cx="50%"
            cy="50%"
            height="100"
            style="width: 100%; height: 100%;"
            viewBox="0 0 100 100"
            width="100"
          >
            <title />
            <desc />
            <defs>
              <clippath
                id="recharts1-clip"
              >
                <rect
                  height="100"
                  width="100"
                  x="0"
                  y="0"
                />
              </clippath>
            </defs>
            <g
              class="recharts-layer recharts-pie"
              tabindex="0"
            >
              <g
                class="recharts-layer recharts-pie-sector"
                tabindex="-1"
              >
                <path
                  class="recharts-sector"
                  cx="50"
                  cy="50"
                  d="M 50,0
    A 50,50,0,
    0,1,
    96.50308805206615,31.62983936864509
  L 80.227007233843,38.05939558961931
            A 32.5,32.5,0,
            0,0,
            50,17.5 Z"
                  fill="#ED7700"
                  name="0"
                  role="img"
                  stroke="transparent"
                  tabindex="-1"
                />
              </g>
              <g
                class="recharts-layer recharts-pie-sector"
                tabindex="-1"
              >
                <path
                  class="recharts-sector"
                  cx="50"
                  cy="50"
                  d="M 97.67124649456483,34.91847959738673
    A 50,50,0,
    1,1,
    46.51217631279372,0.12179748700879145
  L 47.73291460331592,17.579168366555713
            A 32.5,32.5,0,
            1,0,
            80.98631022146714,40.19701173830137 Z"
                  fill="#FCFCFC"
                  name="1"
                  role="img"
                  stroke="transparent"
                  tabindex="-1"
                />
              </g>
              <g>
                <text
                  dominant-baseline="middle"
                  fill="#FCFCFC"
                  font-size="14"
                  font-weight="700"
                  text-anchor="middle"
                  x="50"
                  y="50"
                >
                  19%
                </text>
              </g>
            </g>
          </svg>
        </div>
      </div>
    </div>
    <a
      href="/plans"
    >
      <button
        class="button flex items-center justify-center gap-xs rounded-sm cursor-pointer text-sm font-medium no-underline focus-visible:outline focus-visible:outline-1 focus-visible:outline-offset-[3px] !text-white hover:!bg-white hover:!text-primary-500 w-full -primary-outlined text-primary-500 hover:bg-primary-200 py-xs px-base leading-[22px] border"
        data-testid="button"
        type="button"
      >
        <span
          class="items-center flex justify-center gap-xs"
        >
          View plan
        </span>
      </button>
    </a>
  </div>
</div>
`;
