// Jest Snapshot v1, https://goo.gl/fbAQLP

exports[`CareerExplorationReport should render correctly 1`] = `
<div>
  <div
    class="p-base xxxl:p-md"
    id="read"
  >
    <div
      class="pb-xs mb-xs xxxl:mb-sm sticky top-lg z-high bg-neutral-200"
    >
      <div
        class="flex justify-between items-center"
      >
        <h4
          class="text-base xxxl:text-lg mb-0"
        >
          Career Exploration Report
        </h4>
        <div
          class="flex gap-sm"
        >
          <button
            class="button flex items-center justify-center gap-xs rounded-sm cursor-pointer text-sm font-medium no-underline focus-visible:outline focus-visible:outline-1 focus-visible:outline-offset-[3px] -primary bg-primary-500 hover:bg-primary-600 outline-primary-500 border-primary-500 py-xs px-sm !text-xs leading-[14px] !gap-xxs border text-white"
            data-testid="button"
            type="button"
          >
            <div
              class="flex"
            >
              <div
                class="flex align-center justify-center grow-0 shrink-0 h-[14px] mt-[-1px]"
                data-testid="icon"
              >
                <div
                  class="h-sm w-sm"
                />
              </div>
            </div>
            <span
              class="items-center flex justify-center gap-xs"
            >
              Change filters
            </span>
          </button>
        </div>
      </div>
    </div>
    <div
      class="flex flex-col gap-base xxxl:gap-md"
    >
      <div
        class="card"
      >
        <div>
          <h5
            class="mb-xs xxxl:mb-sm text-sm xxxl:text-base"
          >
            Summary
          </h5>
          <div
            class="mb-sm xxxl:mb-base text-xs xxxl:text-sm leading-lg"
          >
            Below you can see an overview of 
            <div
              class="inline"
              data-state="closed"
            >
              <span
                class="text-primary-500 font-medium cursor-default"
              >
                all grade levels
              </span>
            </div>
             including 
            <div
              class="inline"
              data-state="closed"
            >
              <span
                class=""
              >
                0 students
              </span>
            </div>
             in 
            <div
              class="inline"
              data-state="closed"
            >
              <span
                class=""
              >
                2023/2024
              </span>
            </div>
            , with a specific focus on 
            <div
              class="inline"
              data-state="closed"
            >
              <span
                class="text-primary-500 font-medium cursor-default"
              >
                all teachers
              </span>
            </div>
            , 
            <div
              class="inline"
              data-state="closed"
            >
              <span
                class="text-primary-500 font-medium cursor-default"
              >
                all schools
              </span>
            </div>
             and 
            <div
              class="inline"
              data-state="closed"
            >
              <span
                class="text-primary-500 font-medium cursor-default"
              >
                all classes
              </span>
            </div>
            .
          </div>
          <h5
            class="mb-xs xxxl:mb-sm text-sm xxxl:text-base"
          >
            Statistics
          </h5>
          <p
            class="mb-xs xxxl:mb-sm text-xs xxxl:text-sm leading-lg flex items-center"
          >
            Overview of student engagement metrics within the career pathways and clusters.
          </p>
          <div
            class="flex w-full justify-evenly rounded-sm border border-neutral-300 [&_div]:border-r [&_div]:border-neutral-300 [&_div:last-child]:border-none overflow-hidden"
          >
            <div
              class="flex-1"
            >
              <h6
                class="p-sm text-xxs xxxl:text-xs font-bold bg-neutral-200 mb-0 whitespace-nowrap border-b border-b-neutral-300"
              >
                Total Engagements
              </h6>
              <div
                class="bg-white px-sm py-xs text-xs xxxl:text-sm text-center font-medium"
              >
                --
              </div>
            </div>
            <div
              class="flex-1"
            >
              <h6
                class="p-sm text-xxs xxxl:text-xs font-bold bg-neutral-200 mb-0 whitespace-nowrap border-b border-b-neutral-300"
              >
                Career Clusters
              </h6>
              <div
                class="bg-white px-sm py-xs text-xs xxxl:text-sm text-center font-medium"
              >
                --
              </div>
            </div>
            <div
              class="flex-1"
            >
              <h6
                class="p-sm text-xxs xxxl:text-xs font-bold bg-neutral-200 mb-0 whitespace-nowrap border-b border-b-neutral-300"
              >
                Pathways
              </h6>
              <div
                class="bg-white px-sm py-xs text-xs xxxl:text-sm text-center font-medium"
              >
                --
              </div>
            </div>
            <div
              class="flex-1"
            >
              <h6
                class="p-sm text-xxs xxxl:text-xs font-bold bg-neutral-200 mb-0 whitespace-nowrap border-b border-b-neutral-300"
              >
                Educators
              </h6>
              <div
                class="bg-white px-sm py-xs text-xs xxxl:text-sm text-center font-medium"
              >
                --
              </div>
            </div>
            <div
              class="flex-1"
            >
              <h6
                class="p-sm text-xxs xxxl:text-xs font-bold bg-neutral-200 mb-0 whitespace-nowrap border-b border-b-neutral-300"
              >
                Students
              </h6>
              <div
                class="bg-white px-sm py-xs text-xs xxxl:text-sm text-center font-medium"
              >
                --
              </div>
            </div>
          </div>
        </div>
      </div>
      <div
        class="card"
      >
        <h5
          class="text-sm xxxl:text-base mb-xs xxxl:mb-sm"
        >
          Experiences
        </h5>
        <p
          class="text-xs xxxl:text-sm leading-lg xxxl:mb-base"
        >
          Number of experiences grouped by clusters
        </p>
        <div
          class="p-md"
        >
          <div
            class="flex flex-col gap-xxs xxxl:gap-sm"
          >
            <div
              class="flex gap-sm h-[32px] xxxl:h-[40px]"
            >
              <div
                class="basis-[320px] shrink-0 flex items-center"
              >
                <div
                  class="flex flex-col ml-auto gap-xxs xxxl:gap-sm w-3/4"
                >
                  <div
                    class="skeleton-rectangle skeletonRectangle radius-md height-auto width-full-width darker animated"
                  />
                </div>
              </div>
              <div
                class="grow"
              >
                <div
                  class="h-full"
                >
                  <div
                    class="skeleton-rectangle skeletonRectangle !rounded-xxs radius-md height-full-height width-full-width darker animated"
                  />
                </div>
              </div>
            </div>
            <div
              class="flex gap-sm h-[32px] xxxl:h-[40px]"
            >
              <div
                class="basis-[320px] shrink-0 flex items-center"
              >
                <div
                  class="flex flex-col ml-auto gap-xxs xxxl:gap-sm w-3/4"
                >
                  <div
                    class="skeleton-rectangle skeletonRectangle radius-md height-auto width-full-width darker animated"
                  />
                </div>
              </div>
              <div
                class="grow"
              >
                <div
                  class="h-full w-5/6"
                >
                  <div
                    class="skeleton-rectangle skeletonRectangle !rounded-xxs radius-md height-full-height width-full-width darker animated"
                  />
                </div>
              </div>
            </div>
            <div
              class="flex gap-sm h-[32px] xxxl:h-[40px]"
            >
              <div
                class="basis-[320px] shrink-0 flex items-center"
              >
                <div
                  class="flex flex-col ml-auto gap-xxs xxxl:gap-sm w-3/4"
                >
                  <div
                    class="skeleton-rectangle skeletonRectangle radius-md height-auto width-full-width darker animated"
                  />
                </div>
              </div>
              <div
                class="grow"
              >
                <div
                  class="h-full w-4/6"
                >
                  <div
                    class="skeleton-rectangle skeletonRectangle !rounded-xxs radius-md height-full-height width-full-width darker animated"
                  />
                </div>
              </div>
            </div>
            <div
              class="flex gap-sm h-[32px] xxxl:h-[40px]"
            >
              <div
                class="basis-[320px] shrink-0 flex items-center"
              >
                <div
                  class="flex flex-col ml-auto gap-xxs xxxl:gap-sm w-3/4"
                >
                  <div
                    class="skeleton-rectangle skeletonRectangle radius-md height-auto width-full-width darker animated"
                  />
                </div>
              </div>
              <div
                class="grow"
              >
                <div
                  class="h-full w-3/6"
                >
                  <div
                    class="skeleton-rectangle skeletonRectangle !rounded-xxs radius-md height-full-height width-full-width darker animated"
                  />
                </div>
              </div>
            </div>
            <div
              class="flex gap-sm h-[32px] xxxl:h-[40px]"
            >
              <div
                class="basis-[320px] shrink-0 flex items-center"
              >
                <div
                  class="flex flex-col ml-auto gap-xxs xxxl:gap-sm w-3/4"
                >
                  <div
                    class="skeleton-rectangle skeletonRectangle radius-md height-auto width-full-width darker animated"
                  />
                </div>
              </div>
              <div
                class="grow"
              >
                <div
                  class="h-full w-2/6"
                >
                  <div
                    class="skeleton-rectangle skeletonRectangle !rounded-xxs radius-md height-full-height width-full-width darker animated"
                  />
                </div>
              </div>
            </div>
            <div
              class="flex gap-sm h-[32px] xxxl:h-[40px]"
            >
              <div
                class="basis-[320px] shrink-0 flex items-center"
              >
                <div
                  class="flex flex-col ml-auto gap-xxs xxxl:gap-sm w-3/4"
                >
                  <div
                    class="skeleton-rectangle skeletonRectangle radius-md height-auto width-full-width darker animated"
                  />
                </div>
              </div>
              <div
                class="grow"
              >
                <div
                  class="h-full w-1/6"
                >
                  <div
                    class="skeleton-rectangle skeletonRectangle !rounded-xxs radius-md height-full-height width-full-width darker animated"
                  />
                </div>
              </div>
            </div>
          </div>
        </div>
      </div>
      <div
        class="card"
      >
        <div
          class="mb-sm xxxl:mb-base flex justify-between items-end"
        >
          <div
            class="flex flex-col gap-xs"
          >
            <h5
              class="inline me-xs text-sm xxxl:text-base mb-0"
            >
              Full Data 
              <span
                class="text-neutral-600"
              >
                (0 results)
              </span>
            </h5>
            <p
              class="text-neutral-700 text-xs xxxl:text-sm mb-0"
            >
              Below you can see all collected data about engagements.
            </p>
          </div>
          <button
            class="button flex items-center justify-center gap-xs rounded-sm cursor-pointer text-sm font-medium no-underline focus-visible:outline focus-visible:outline-1 focus-visible:outline-offset-[3px] -primary-outlined text-primary-500 hover:bg-primary-200 py-xs px-sm !text-xs leading-[14px] !gap-xxs border"
            data-testid="button"
            type="button"
          >
            <div
              class="flex"
            >
              <div
                class="flex align-center justify-center grow-0 shrink-0 h-[14px] mt-[-1px]"
                data-testid="icon"
              >
                <div
                  class="h-sm w-sm"
                />
              </div>
            </div>
            <span
              class="items-center flex justify-center gap-xs"
            >
              Download CSV
            </span>
          </button>
        </div>
        <div
          class="border border-neutral-300 rounded-sm mb-base"
        >
          <div
            class="flex gap-sm items-center bg-neutral-200 px-sm py-xs xxxl:px-base xxxl:py-x rounded-t-sm"
          >
            <label
              class="flex flex-col items-start text-font-primary w-full !w-[300px] xxxl:!w-[320px] gap-xxxs"
            >
              <div
                class="w-full flex gap-xs items-center justify-between bg-white rounded-sm border border-neutral-300 hover:border-neutral-400 group focus-within:!border-primary-500 p-xs flex-row-reverse"
              >
                <div
                  class="flex"
                >
                  <div
                    class="flex align-center justify-center grow-0 shrink-0 text-neutral-400 h-[14px]"
                    data-testid="icon"
                  >
                    <div
                      class="h-sm w-sm"
                    />
                  </div>
                </div>
                <span
                  class="flex gap-xxs grow"
                >
                  <input
                    class="bg-transparent text-font-primary min-w-0 w-full grow w-full outline-none transition-colors autofill:shadow-[inset_0_0_0px_1000px_rgb(252,252,252)] placeholder:text-font-secondary leading-[14px] text-xxs"
                    placeholder="Search by user name or user ID"
                    type="text"
                  />
                </span>
              </div>
            </label>
            <label
              class="flex flex-col leading-lg min-w-[120px] gap-xxxs"
              data-testid="clusters-select"
            >
              
              <div
                class="min-w-[240px] css-b62m3t-container"
              >
                <span
                  class="css-1f43avz-a11yText-A11yText"
                  id="react-select-2-live-region"
                />
                <span
                  aria-atomic="false"
                  aria-live="polite"
                  aria-relevant="additions text"
                  class="css-1f43avz-a11yText-A11yText"
                  role="log"
                />
                <div
                  class="!rounded-sm text-font-secondary !cursor-pointer outline-none !shadow-none !min-h-0 !border-neutral-300 hover:!border-neutral-400 !bg-white select__control css-13cymwt-control"
                >
                  <div
                    class="flex gap-xxs items-center !flex-nowrap !text-xxs !p-xs !pr-0 !py-xxs h-[30px] select__value-container select__value-container--is-multi css-1fdsijx-ValueContainer"
                  >
                    <div
                      class="!text-font-secondary !leading-[22px] h-[22px] select__placeholder css-1jqq78o-placeholder"
                      id="react-select-2-placeholder"
                    >
                      Search by clusters or pathways
                    </div>
                    <div
                      class="!p-0 !m-0 !leading-[22px] h-[22px] select__input-container css-qbdosj-Input"
                      data-value=""
                    >
                      <input
                        aria-activedescendant=""
                        aria-autocomplete="list"
                        aria-describedby="react-select-2-placeholder"
                        aria-expanded="false"
                        aria-haspopup="true"
                        autocapitalize="none"
                        autocomplete="off"
                        autocorrect="off"
                        class="select__input"
                        id="select-input-clusterAndPathway"
                        role="combobox"
                        spellcheck="false"
                        style="opacity: 1; width: 100%; grid-area: 1 / 2; min-width: 2px; border: 0px; margin: 0px; outline: 0; padding: 0px;"
                        tabindex="0"
                        type="text"
                        value=""
                      />
                    </div>
                  </div>
                  <div
                    class="!p-0 !pr-xs select__indicators css-1hb7zxy-IndicatorsContainer"
                  >
                    <div
                      aria-hidden="true"
                      class="!p-0 select__indicator select__dropdown-indicator css-1xc3v61-indicatorContainer"
                    >
                      <div
                        class="flex"
                      >
                        <div
                          class="flex align-center justify-center grow-0 shrink-0 text-neutral-400"
                          data-testid="icon"
                        >
                          <div
                            class="h-sm w-sm"
                          />
                        </div>
                      </div>
                    </div>
                  </div>
                </div>
                <div>
                  <input
                    name="clusterAndPathway"
                    type="hidden"
                    value=""
                  />
                </div>
              </div>
            </label>
          </div>
          <div
            class="border border-neutral-300 rounded-b-sm h-[512px] xxxl:h-[576px] overflow-auto"
          >
            <div
              class="overflow-hidden flex flex-col h-full min-h-0"
            >
              <div
                class="grow z-lowest scrollbar"
              >
                <table
                  class="w-full table-fixed overflow-auto"
                >
                  <thead
                    class="sticky top-0 bg-white z-lower tableHead"
                  >
                    <tr>
                      <th
                        class="text-xxs xxxl:text-xs font-medium text-left leading-lg p-xs xxxl:px-x first:pl-base last:pr-base xxxl:first:pl-md xxxl:last:pr-md"
                        colspan="1"
                        style="width: 60px;"
                      >
                        <div
                          class=""
                        >
                          ID
                        </div>
                      </th>
                      <th
                        class="text-xxs xxxl:text-xs font-medium text-left leading-lg p-xs xxxl:px-x first:pl-base last:pr-base xxxl:first:pl-md xxxl:last:pr-md"
                        colspan="1"
                        style="width: 80px;"
                      >
                        <div
                          class=""
                        >
                          Name
                        </div>
                      </th>
                      <th
                        class="text-xxs xxxl:text-xs font-medium text-left leading-lg p-xs xxxl:px-x first:pl-base last:pr-base xxxl:first:pl-md xxxl:last:pr-md"
                        colspan="1"
                        style="width: 60px;"
                      >
                        <div
                          class=""
                        >
                          Email
                        </div>
                      </th>
                      <th
                        class="text-xxs xxxl:text-xs font-medium text-left leading-lg p-xs xxxl:px-x first:pl-base last:pr-base xxxl:first:pl-md xxxl:last:pr-md"
                        colspan="1"
                        style="width: 60px;"
                      >
                        <div
                          class=""
                        >
                          Visitor Type
                        </div>
                      </th>
                      <th
                        class="text-xxs xxxl:text-xs font-medium text-left leading-lg p-xs xxxl:px-x first:pl-base last:pr-base xxxl:first:pl-md xxxl:last:pr-md"
                        colspan="1"
                        style="width: 120px;"
                      >
                        <div
                          class=""
                        >
                          Resource Name
                        </div>
                      </th>
                      <th
                        class="text-xxs xxxl:text-xs font-medium text-left leading-lg p-xs xxxl:px-x first:pl-base last:pr-base xxxl:first:pl-md xxxl:last:pr-md"
                        colspan="1"
                        style="width: 80px;"
                      >
                        <div
                          class=""
                        >
                          Resource Type
                        </div>
                      </th>
                      <th
                        class="text-xxs xxxl:text-xs font-medium text-left leading-lg p-xs xxxl:px-x first:pl-base last:pr-base xxxl:first:pl-md xxxl:last:pr-md"
                        colspan="1"
                        style="width: 150px;"
                      >
                        <div
                          class=""
                        >
                          Clusters
                        </div>
                      </th>
                      <th
                        class="text-xxs xxxl:text-xs font-medium text-left leading-lg p-xs xxxl:px-x first:pl-base last:pr-base xxxl:first:pl-md xxxl:last:pr-md"
                        colspan="1"
                        style="width: 80px;"
                      >
                        <div
                          class=""
                        >
                          Pathways
                        </div>
                      </th>
                      <th
                        class="text-xxs xxxl:text-xs font-medium text-left leading-lg p-xs xxxl:px-x first:pl-base last:pr-base xxxl:first:pl-md xxxl:last:pr-md"
                        colspan="1"
                        style="width: 60px;"
                      >
                        <div
                          class=""
                        >
                          Enrolled
                        </div>
                      </th>
                      <th
                        class="text-xxs xxxl:text-xs font-medium text-left leading-lg p-xs xxxl:px-x first:pl-base last:pr-base xxxl:first:pl-md xxxl:last:pr-md"
                        colspan="1"
                        style="width: 60px;"
                      >
                        <div
                          class=""
                        >
                          Visits Count
                        </div>
                      </th>
                    </tr>
                  </thead>
                  <tbody />
                </table>
                <div
                  class="text-center py-base text-xs"
                >
                  No results found
                </div>
              </div>
            </div>
          </div>
        </div>
      </div>
    </div>
  </div>
</div>
`;
