// Jest Snapshot v1, https://goo.gl/fbAQLP

exports[`CustomCatalog renders correctly 1`] = `
<div>
  <div
    app-type="careers"
    class="app"
  >
    <div
      class="p-base xxxl:p-md"
      id="read"
    >
      <div
        class="flex flex-col gap-base"
      >
        <div
          class="card flex gap-base xxxl:gap-md"
        >
          <img
            class="rounded-sm h-[180px] xxxl:h-[240px] basis-[320px] xxxl:basis-[426px] shrink-0 grow-0 object-cover"
            src="https://via.placeholder.com/150"
          />
          <div
            class="flex flex-col gap-sm xxxl:gap-base"
          >
            <h4
              class="text-base xxxl:text-lg mb-0"
            >
              Custom catalog
            </h4>
            <div
              class="injected-content text-xxs xxxl:text-xs leading-lg text-font-secondary line-clamp-6"
            >
              <p>
                Lorem ipsum dolor sit amet, consectetur adipiscing elit. Sed ut diam ut orci pretium rhoncus at quis justo. Integer laoreet tellus ac tincidunt viverra. Phasellus hendrerit pulvinar mi, vel blandit eros. In at dolor vulputate, ullamcorper urna a, pharetra leo. Vivamus hendrerit pellentesque ullamcorper. Mauris ligula turpis, posuere sit amet euismod quis, vulputate ut nisi. Nam laoreet maximus ex ac pellentesque. Quisque pharetra a dolor non vestibulum. Nulla luctus quam eget massa mollis feugiat. Morbi tincidunt odio suscipit sapien tincidunt commodo.
              </p>
            </div>
          </div>
        </div>
        <ul
          class="flex gap-sm"
        >
          <li
            aria-label="Track 1"
            class="basis-[320px] xxxl:basis-[520px]"
          >
            <a
              class="group h-full flex flex-col rounded-sm text-font-primary hover:text-font-primary bg-white border border-neutral-300 hover:border-neutral-400 hover:shadow-300 transition-shadow"
              href="/catalog/unit-outline/11"
            >
              <div
                class="relative before:bg-neutral-800 before:opacity-[48%] before:absolute before:inset-0 before:rounded-t-sm group-hover:before:opacity-0 before:transition-opacity"
              >
                <img
                  class="rounded-t-sm h-[112px] xxxl:h-[140px] w-full object-cover"
                  src="https://via.placeholder.com/150"
                />
              </div>
              <div
                class="flex-1 py-xs xxxl:py-sm px-sm border-b border-neutral-300"
              >
                <div
                  class="flex gap-xxs xxxl:gap-xs mb-xs whitespace-nowrap"
                >
                  <span
                    class="min-w-0"
                    data-state="closed"
                  >
                    <div
                      class="flex gap-xxs px-xs py-xxs rounded-full text-xxs font-medium leading-lg transition-all bg-neutral-200 text-font-primary"
                    >
                      <div
                        class="truncate"
                      >
                        Grades: K - 1
                      </div>
                    </div>
                  </span>
                  <span
                    class="truncate"
                    data-state="closed"
                  >
                    <div
                      class="flex gap-xxs px-xs py-xxs rounded-full text-xxs font-medium leading-lg transition-all bg-neutral-200 text-font-primary"
                    >
                      <div
                        class="truncate"
                      >
                        Resources: 10
                      </div>
                    </div>
                  </span>
                </div>
                <span
                  data-state="closed"
                >
                  <h6
                    class="text-xs xxxl:text-sm line-clamp-2"
                  >
                    Track 1
                  </h6>
                </span>
                <div
                  class="injected-content text-xxs xxxl:text-xs leading-lg text-font-secondary group-hover:text-font-primary transition-colors line-clamp-4 xxxl:line-clamp-6 mb-0"
                >
                  Short description
                </div>
              </div>
              <div
                class="flex items-center gap-xxs group-hover:gap-xs p-sm text-primary-500 group-hover:text-primary-600 transition-all"
              >
                <span
                  class="text-xs xxxl:text-sm leading-lg font-medium"
                >
                  View
                </span>
                <div
                  class="flex"
                >
                  <div
                    class="flex align-center justify-center grow-0 shrink-0"
                    data-testid="icon"
                  >
                    <div
                      class="h-sm w-sm"
                    />
                  </div>
                </div>
              </div>
            </a>
          </li>
          <li
            aria-label="Track 2"
            class="basis-[320px] xxxl:basis-[520px]"
          >
            <a
              class="group h-full flex flex-col rounded-sm text-font-primary hover:text-font-primary bg-white border border-neutral-300 hover:border-neutral-400 hover:shadow-300 transition-shadow"
              href="/catalog/unit-outline/12"
            >
              <div
                class="relative before:bg-neutral-800 before:opacity-[48%] before:absolute before:inset-0 before:rounded-t-sm group-hover:before:opacity-0 before:transition-opacity"
              >
                <img
                  class="rounded-t-sm h-[112px] xxxl:h-[140px] w-full object-cover"
                  src="https://via.placeholder.com/150"
                />
              </div>
              <div
                class="flex-1 py-xs xxxl:py-sm px-sm border-b border-neutral-300"
              >
                <div
                  class="flex gap-xxs xxxl:gap-xs mb-xs whitespace-nowrap"
                >
                  <span
                    class="min-w-0"
                    data-state="closed"
                  >
                    <div
                      class="flex gap-xxs px-xs py-xxs rounded-full text-xxs font-medium leading-lg transition-all bg-neutral-200 text-font-primary"
                    >
                      <div
                        class="truncate"
                      >
                        Grades: 1 - 3
                      </div>
                    </div>
                  </span>
                  <span
                    class="truncate"
                    data-state="closed"
                  >
                    <div
                      class="flex gap-xxs px-xs py-xxs rounded-full text-xxs font-medium leading-lg transition-all bg-neutral-200 text-font-primary"
                    >
                      <div
                        class="truncate"
                      >
                        Resources: 2
                      </div>
                    </div>
                  </span>
                </div>
                <span
                  data-state="closed"
                >
                  <h6
                    class="text-xs xxxl:text-sm line-clamp-2"
                  >
                    Track 2
                  </h6>
                </span>
                <div
                  class="injected-content text-xxs xxxl:text-xs leading-lg text-font-secondary group-hover:text-font-primary transition-colors line-clamp-4 xxxl:line-clamp-6 mb-0"
                >
                  Short description 2
                </div>
              </div>
              <div
                class="flex items-center gap-xxs group-hover:gap-xs p-sm text-primary-500 group-hover:text-primary-600 transition-all"
              >
                <span
                  class="text-xs xxxl:text-sm leading-lg font-medium"
                >
                  View
                </span>
                <div
                  class="flex"
                >
                  <div
                    class="flex align-center justify-center grow-0 shrink-0"
                    data-testid="icon"
                  >
                    <div
                      class="h-sm w-sm"
                    />
                  </div>
                </div>
              </div>
            </a>
          </li>
          <li
            aria-label="Track 3"
            class="basis-[320px] xxxl:basis-[520px]"
          >
            <a
              class="group h-full flex flex-col rounded-sm text-font-primary hover:text-font-primary bg-white border border-neutral-300 hover:border-neutral-400 hover:shadow-300 transition-shadow"
              href="/catalog/unit-outline/13"
            >
              <div
                class="relative before:bg-neutral-800 before:opacity-[48%] before:absolute before:inset-0 before:rounded-t-sm group-hover:before:opacity-0 before:transition-opacity"
              >
                <img
                  class="rounded-t-sm h-[112px] xxxl:h-[140px] w-full object-cover"
                  src="https://via.placeholder.com/150"
                />
              </div>
              <div
                class="flex-1 py-xs xxxl:py-sm px-sm border-b border-neutral-300"
              >
                <div
                  class="flex gap-xxs xxxl:gap-xs mb-xs whitespace-nowrap"
                >
                  <span
                    class="min-w-0"
                    data-state="closed"
                  >
                    <div
                      class="flex gap-xxs px-xs py-xxs rounded-full text-xxs font-medium leading-lg transition-all bg-neutral-200 text-font-primary"
                    >
                      <div
                        class="truncate"
                      >
                        Grades: 7
                      </div>
                    </div>
                  </span>
                  <span
                    class="truncate"
                    data-state="closed"
                  >
                    <div
                      class="flex gap-xxs px-xs py-xxs rounded-full text-xxs font-medium leading-lg transition-all bg-neutral-200 text-font-primary"
                    >
                      <div
                        class="truncate"
                      >
                        Resources: 8
                      </div>
                    </div>
                  </span>
                </div>
                <span
                  data-state="closed"
                >
                  <h6
                    class="text-xs xxxl:text-sm line-clamp-2"
                  >
                    Track 3
                  </h6>
                </span>
                <div
                  class="injected-content text-xxs xxxl:text-xs leading-lg text-font-secondary group-hover:text-font-primary transition-colors line-clamp-4 xxxl:line-clamp-6 mb-0"
                >
                  Short description 3
                </div>
              </div>
              <div
                class="flex items-center gap-xxs group-hover:gap-xs p-sm text-primary-500 group-hover:text-primary-600 transition-all"
              >
                <span
                  class="text-xs xxxl:text-sm leading-lg font-medium"
                >
                  View
                </span>
                <div
                  class="flex"
                >
                  <div
                    class="flex align-center justify-center grow-0 shrink-0"
                    data-testid="icon"
                  >
                    <div
                      class="h-sm w-sm"
                    />
                  </div>
                </div>
              </div>
            </a>
          </li>
        </ul>
      </div>
    </div>
  </div>
</div>
`;
