// Jest Snapshot v1, https://goo.gl/fbAQLP

exports[`ApplicationList should render correctly 1`] = `
<div>
  <div
    class="shared-table tableWrapper"
  >
    <table
      class="shared-table__table table"
    >
      <thead
        class="shared-table__head shared-table__head-cols-3"
      >
        <tr
          class="shared-table__row shared-table__row-0"
        >
          <th
            class="shared-table__column -header-cell shared-table__column-1 tableHead"
          >
            Student name
          </th>
          <th
            class="shared-table__column -header-cell shared-table__column-2 tableHead"
          >
            Status
          </th>
          <th
            class="shared-table__column -header-cell shared-table__column-3 tableHead"
          >
            Application date
          </th>
        </tr>
      </thead>
      <tbody
        class="shared-table__body shared-table__body-cols-3"
      >
        <tr
          class="shared-table__row shared-table__row-1 cursor-pointer hover:bg-primary-200 bg-primary-500 hover:!bg-primary-500"
          data-testid="list-item"
        >
          <td
            class="shared-table__column shared-table__column-1 flex items-center bg-inherit"
            data-testid="shared-table-column"
          >
            <div
              class="studentNameWrapper"
            >
              <div
                class="avatar image"
                data-testid="avatar-image"
              >
                <div
                  class="avatar__image sb-avatar"
                  style="display: inline-block; vertical-align: middle; width: 32px; height: 32px; border-radius: 100%; font-family: Helvetica, Arial, sans-serif;"
                >
                  <div
                    class="avatar__image sb-avatar__text"
                    style="width: 32px; height: 32px; line-height: initial; text-align: center; color: rgb(116, 122, 136); background: rgb(240, 242, 247); border-radius: 100%;"
                    title="Applicant Student 1"
                  >
                    <div
                      style="display: table; table-layout: fixed; width: 100%; height: 100%;"
                    >
                      <span
                        style="display: table-cell; vertical-align: middle; font-size: 100%; white-space: nowrap;"
                      >
                        <span />
                      </span>
                    </div>
                  </div>
                </div>
              </div>
              <div
                class="text-xs xxxl:text-sm font-medium"
              >
                Applicant Student 1
              </div>
            </div>
          </td>
          <td
            class="shared-table__column shared-table__column-2 flex items-center bg-inherit"
            data-testid="shared-table-column"
          >
            <div
              class="font-medium leading-lg flex items-center bg-secondary-200 text-secondary-500 rounded-sm p-xxs text-xs gap-xxs"
            >
              Pending
            </div>
          </td>
          <td
            class="shared-table__column shared-table__column-3 flex items-center bg-inherit"
            data-testid="shared-table-column"
          >
            <span
              data-state="closed"
            >
              <span
                class="text-xs xxxl:text-sm"
              >
                May 1, 2023
              </span>
            </span>
          </td>
        </tr>
        <tr
          class="shared-table__row shared-table__row-2 cursor-pointer hover:bg-primary-200"
          data-testid="list-item"
        >
          <td
            class="shared-table__column shared-table__column-1 flex items-center bg-inherit"
            data-testid="shared-table-column"
          >
            <div
              class="studentNameWrapper"
            >
              <div
                class="avatar image"
                data-testid="avatar-image"
              >
                <div
                  class="avatar__image sb-avatar"
                  style="display: inline-block; vertical-align: middle; width: 32px; height: 32px; border-radius: 100%; font-family: Helvetica, Arial, sans-serif;"
                >
                  <div
                    class="avatar__image sb-avatar__text"
                    style="width: 32px; height: 32px; line-height: initial; text-align: center; color: rgb(116, 122, 136); background: rgb(240, 242, 247); border-radius: 100%;"
                    title="Applicant Student 2"
                  >
                    <div
                      style="display: table; table-layout: fixed; width: 100%; height: 100%;"
                    >
                      <span
                        style="display: table-cell; vertical-align: middle; font-size: 100%; white-space: nowrap;"
                      >
                        <span />
                      </span>
                    </div>
                  </div>
                </div>
              </div>
              <div
                class="text-xs xxxl:text-sm font-medium"
              >
                Applicant Student 2
              </div>
            </div>
          </td>
          <td
            class="shared-table__column shared-table__column-2 flex items-center bg-inherit"
            data-testid="shared-table-column"
          >
            <div
              class="font-medium leading-lg flex items-center bg-primary-200 text-primary-500 rounded-sm p-xxs text-xs gap-xxs"
            >
              Accepted
            </div>
          </td>
          <td
            class="shared-table__column shared-table__column-3 flex items-center bg-inherit"
            data-testid="shared-table-column"
          >
            <span
              data-state="closed"
            >
              <span
                class="text-xs xxxl:text-sm"
              >
                May 1, 2023
              </span>
            </span>
          </td>
        </tr>
        <tr
          class="shared-table__row shared-table__row-3 cursor-pointer hover:bg-primary-200"
          data-testid="list-item"
        >
          <td
            class="shared-table__column shared-table__column-1 flex items-center bg-inherit"
            data-testid="shared-table-column"
          >
            <div
              class="studentNameWrapper"
            >
              <div
                class="avatar image"
                data-testid="avatar-image"
              >
                <div
                  class="avatar__image sb-avatar"
                  style="display: inline-block; vertical-align: middle; width: 32px; height: 32px; border-radius: 100%; font-family: Helvetica, Arial, sans-serif;"
                >
                  <div
                    class="avatar__image sb-avatar__text"
                    style="width: 32px; height: 32px; line-height: initial; text-align: center; color: rgb(116, 122, 136); background: rgb(240, 242, 247); border-radius: 100%;"
                    title="Applicant Student 3"
                  >
                    <div
                      style="display: table; table-layout: fixed; width: 100%; height: 100%;"
                    >
                      <span
                        style="display: table-cell; vertical-align: middle; font-size: 100%; white-space: nowrap;"
                      >
                        <span />
                      </span>
                    </div>
                  </div>
                </div>
              </div>
              <div
                class="text-xs xxxl:text-sm font-medium"
              >
                Applicant Student 3
              </div>
            </div>
          </td>
          <td
            class="shared-table__column shared-table__column-2 flex items-center bg-inherit"
            data-testid="shared-table-column"
          >
            <div
              class="font-medium leading-lg flex items-center bg-danger-100 text-danger-500 rounded-sm p-xxs text-xs gap-xxs"
            >
              Rejected
            </div>
          </td>
          <td
            class="shared-table__column shared-table__column-3 flex items-center bg-inherit"
            data-testid="shared-table-column"
          >
            <span
              data-state="closed"
            >
              <span
                class="text-xs xxxl:text-sm"
              >
                May 1, 2023
              </span>
            </span>
          </td>
        </tr>
        <tr
          class="shared-table__row shared-table__row-4 cursor-pointer hover:bg-primary-200"
          data-testid="list-item"
        >
          <td
            class="shared-table__column shared-table__column-1 flex items-center bg-inherit"
            data-testid="shared-table-column"
          >
            <div
              class="studentNameWrapper"
            >
              <div
                class="avatar image"
                data-testid="avatar-image"
              >
                <div
                  class="avatar__image sb-avatar"
                  style="display: inline-block; vertical-align: middle; width: 32px; height: 32px; border-radius: 100%; font-family: Helvetica, Arial, sans-serif;"
                >
                  <div
                    class="avatar__image sb-avatar__text"
                    style="width: 32px; height: 32px; line-height: initial; text-align: center; color: rgb(116, 122, 136); background: rgb(240, 242, 247); border-radius: 100%;"
                    title="Applicant Student 4"
                  >
                    <div
                      style="display: table; table-layout: fixed; width: 100%; height: 100%;"
                    >
                      <span
                        style="display: table-cell; vertical-align: middle; font-size: 100%; white-space: nowrap;"
                      >
                        <span />
                      </span>
                    </div>
                  </div>
                </div>
              </div>
              <div
                class="text-xs xxxl:text-sm font-medium"
              >
                Applicant Student 4
              </div>
            </div>
          </td>
          <td
            class="shared-table__column shared-table__column-2 flex items-center bg-inherit"
            data-testid="shared-table-column"
          >
            <div
              class="font-medium leading-lg flex items-center bg-secondary-200 text-secondary-500 rounded-sm p-xxs text-xs gap-xxs"
            >
              
            </div>
          </td>
          <td
            class="shared-table__column shared-table__column-3 flex items-center bg-inherit"
            data-testid="shared-table-column"
          >
            <span
              data-state="closed"
            >
              <span
                class="text-xs xxxl:text-sm"
              >
                May 1, 2023
              </span>
            </span>
          </td>
        </tr>
      </tbody>
    </table>
  </div>
</div>
`;
